02:33:46.259 D VBO Points ID: 2
02:33:46.259 D VBO Colors ID: 3
02:33:46.266 D VBO registered to CUDA successfully!
02:33:49.461 D CSV source ready for 250Hz real-time streaming
02:33:49.461 D Scan started
02:33:49.462 D Data acquisition started at 250Hz
02:33:50.299 D initPointCloud: vboActor added
02:33:50.302 D [VBOActor] RenderOpaqueGeometry called, valid= 0 vboInit= false ids= 0 0
02:33:50.303 D Drawing connected (scan already running)
02:33:50.372 D OpenGL 3.3 initialized for VBO Actor
02:33:50.372 D Shader and VAO initialized
02:33:50.373 D VBOActor first draw, points: 147
02:33:50.466 D 数据播放频率: 251 fps
02:33:50.535 D SURF band switch to 0
02:33:51.331 D 渲染帧率: 21 fps
02:33:51.469 D 数据播放频率: 251 fps
02:33:51.980 D VBO render: 3479 points
02:33:52.336 D 渲染帧率: 22 fps
02:33:52.474 D 数据播放频率: 251 fps
02:33:53.022 D VBO render: 5684 points
02:33:53.351 D 渲染帧率: 21 fps
02:33:53.478 D 数据播放频率: 251 fps
02:33:53.888 D VBO render: 7448 points
02:33:54.359 D 渲染帧率: 22 fps
02:33:54.482 D 数据播放频率: 251 fps
02:33:54.589 D VBO render: 8918 points
02:33:55.197 D VBO render: 10192 points
02:33:55.367 D 渲染帧率: 21 fps
02:33:55.486 D 数据播放频率: 251 fps
02:33:56.246 D VBO render: 12397 points
02:33:56.375 D 渲染帧率: 22 fps
02:33:56.486 D 数据播放频率: 250 fps
02:33:56.531 D VBO render: 12985 points
02:33:57.382 D 渲染帧率: 25 fps
02:33:57.386 D VBO render: 18179 points
02:33:57.486 D 数据播放频率: 250 fps
02:33:57.639 D VBO render: 20825 points
02:33:58.386 D 渲染帧率: 27 fps
02:33:58.490 D 数据播放频率: 251 fps
02:33:58.579 D VBO render: 30674 points
02:33:59.390 D 渲染帧率: 27 fps
02:33:59.494 D 数据播放频率: 251 fps
02:33:59.691 D VBO render: 42434 points
02:34:00.142 D VBO render: 47089 points
02:34:00.394 D 渲染帧率: 27 fps
02:34:00.498 D 数据播放频率: 251 fps
02:34:01.398 D 渲染帧率: 27 fps
02:34:01.502 D 数据播放频率: 251 fps
02:34:01.700 D VBO render: 63504 points
02:34:02.399 D 渲染帧率: 28 fps
02:34:02.506 D 数据播放频率: 251 fps
02:34:02.577 D VBO render: 72716 points
02:34:03.322 D VBO render: 80556 points
02:34:03.400 D 渲染帧率: 27 fps
02:34:03.510 D 数据播放频率: 251 fps
02:34:04.408 D 渲染帧率: 27 fps
02:34:04.514 D 数据播放频率: 251 fps
02:34:05.410 D 渲染帧率: 27 fps
02:34:05.518 D 数据播放频率: 251 fps
02:34:06.410 D 渲染帧率: 28 fps
02:34:06.518 D 数据播放频率: 250 fps
02:34:07.412 D 渲染帧率: 28 fps
02:34:07.522 D 数据播放频率: 251 fps
02:34:08.419 D 渲染帧率: 28 fps
02:34:08.526 D 数据播放频率: 251 fps
02:34:09.427 D 渲染帧率: 27 fps
02:34:09.530 D 数据播放频率: 251 fps
02:34:10.216 D SURF band switch to 1
02:34:10.431 D 渲染帧率: 21 fps
02:34:10.530 D 数据播放频率: 249 fps
02:34:11.391 D VBO render: 156947 points
02:34:11.435 D 渲染帧率: 28 fps
02:34:11.534 D 数据播放频率: 251 fps
02:34:12.040 D VBO render: 163709 points
02:34:12.438 D 渲染帧率: 27 fps
02:34:12.538 D 数据播放频率: 251 fps
02:34:12.700 D VBO render: 170569 points
02:34:13.411 D VBO render: 178017 points
02:34:13.442 D 渲染帧率: 27 fps
02:34:13.542 D 数据播放频率: 251 fps
02:34:14.451 D 渲染帧率: 28 fps
02:34:14.546 D 数据播放频率: 251 fps
02:34:15.451 D 渲染帧率: 28 fps
02:34:15.550 D 数据播放频率: 251 fps
02:34:16.454 D 渲染帧率: 27 fps
02:34:16.554 D 数据播放频率: 251 fps
02:34:17.459 D 渲染帧率: 27 fps
02:34:17.558 D 数据播放频率: 251 fps
02:34:18.461 D 渲染帧率: 27 fps
02:34:18.561 D 数据播放频率: 251 fps
02:34:19.468 D 渲染帧率: 28 fps
02:34:19.566 D 数据播放频率: 251 fps
02:34:20.474 D 渲染帧率: 27 fps
02:34:20.570 D 数据播放频率: 251 fps
02:34:21.476 D 渲染帧率: 27 fps
02:34:21.573 D 数据播放频率: 251 fps
02:34:22.478 D 渲染帧率: 27 fps
02:34:22.574 D 数据播放频率: 250 fps
02:34:23.342 D VBO render: 281260 points
02:34:23.488 D 渲染帧率: 28 fps
02:34:23.578 D 数据播放频率: 251 fps
02:34:24.496 D SURF band switch to 2
02:34:24.496 D 渲染帧率: 22 fps
02:34:24.582 D 数据播放频率: 250 fps
02:34:25.499 D 渲染帧率: 27 fps
02:34:25.582 D 数据播放频率: 250 fps
02:34:26.502 D 渲染帧率: 27 fps
02:34:26.586 D 数据播放频率: 251 fps
02:34:27.512 D 渲染帧率: 28 fps
02:34:27.590 D 数据播放频率: 251 fps
02:34:28.322 D VBO render: 326487 points
02:34:28.516 D 渲染帧率: 27 fps
02:34:28.594 D 数据播放频率: 251 fps
02:34:28.615 D VBO render: 329525 points
02:34:29.190 D VBO render: 335552 points
02:34:29.519 D 渲染帧率: 27 fps
02:34:29.598 D 数据播放频率: 251 fps
02:34:30.523 D 渲染帧率: 27 fps
02:34:30.602 D 数据播放频率: 251 fps
02:34:30.614 D VBO render: 350595 points
02:34:31.202 D VBO render: 356671 points
02:34:31.530 D 渲染帧率: 28 fps
02:34:31.602 D 数据播放频率: 250 fps
02:34:32.534 D 渲染帧率: 27 fps
02:34:32.606 D 数据播放频率: 251 fps
02:34:33.539 D 渲染帧率: 27 fps
02:34:33.610 D 数据播放频率: 251 fps
02:34:34.543 D 渲染帧率: 27 fps
02:34:34.614 D 数据播放频率: 251 fps
02:34:35.544 D 渲染帧率: 28 fps
02:34:35.618 D 数据播放频率: 251 fps
02:34:36.547 D 渲染帧率: 27 fps
02:34:36.618 D 数据播放频率: 250 fps
02:34:36.673 D VBO render: 414148 points
02:34:37.550 D 渲染帧率: 28 fps
02:34:37.622 D 数据播放频率: 251 fps
02:34:38.555 D 渲染帧率: 27 fps
02:34:38.626 D 数据播放频率: 251 fps
02:34:39.131 D SURF band switch to 3
02:34:39.560 D 渲染帧率: 22 fps
02:34:39.630 D 数据播放频率: 250 fps
02:34:40.561 D 渲染帧率: 27 fps
02:34:40.634 D 数据播放频率: 251 fps
02:34:41.563 D 渲染帧率: 28 fps
02:34:41.638 D 数据播放频率: 251 fps
02:34:42.566 D 渲染帧率: 27 fps
02:34:42.641 D 数据播放频率: 251 fps
02:34:43.572 D 渲染帧率: 28 fps
02:34:43.642 D 数据播放频率: 250 fps
02:34:43.715 D VBO render: 480150 points
02:34:44.574 D 渲染帧率: 27 fps
02:34:44.646 D 数据播放频率: 251 fps
02:34:45.576 D 渲染帧率: 27 fps
02:34:45.646 D 数据播放频率: 250 fps
02:34:46.583 D 渲染帧率: 27 fps
02:34:46.650 D 数据播放频率: 251 fps
02:34:47.589 D 渲染帧率: 27 fps
02:34:47.654 D 数据播放频率: 251 fps
02:34:48.595 D 渲染帧率: 27 fps
02:34:48.658 D 数据播放频率: 251 fps
02:34:49.599 D 渲染帧率: 26 fps
02:34:49.662 D 数据播放频率: 251 fps
02:34:50.602 D 渲染帧率: 28 fps
02:34:50.665 D 数据播放频率: 251 fps
02:34:51.606 D 渲染帧率: 27 fps
02:34:51.670 D 数据播放频率: 251 fps
02:34:52.610 D 渲染帧率: 28 fps
02:34:52.674 D 数据播放频率: 251 fps
02:34:53.154 D SURF band switch to 4
02:34:53.611 D 渲染帧率: 23 fps
02:34:53.674 D 数据播放频率: 250 fps
02:34:54.610 D 渲染帧率: 27 fps
02:34:54.678 D 数据播放频率: 251 fps
02:34:55.614 D 渲染帧率: 28 fps
02:34:55.682 D 数据播放频率: 251 fps
02:34:56.618 D 渲染帧率: 27 fps
02:34:56.686 D 数据播放频率: 251 fps
02:34:57.622 D 渲染帧率: 28 fps
02:34:57.690 D 数据播放频率: 251 fps
02:34:58.630 D 渲染帧率: 28 fps
02:34:58.694 D 数据播放频率: 251 fps
02:34:59.634 D 渲染帧率: 27 fps
02:34:59.698 D 数据播放频率: 251 fps
02:35:00.639 D 渲染帧率: 27 fps
02:35:00.702 D 数据播放频率: 251 fps
02:35:01.645 D 渲染帧率: 27 fps
02:35:01.702 D 数据播放频率: 250 fps
02:35:02.646 D 渲染帧率: 27 fps
02:35:02.706 D 数据播放频率: 251 fps
02:35:03.650 D 渲染帧率: 27 fps
02:35:03.710 D 数据播放频率: 251 fps
02:35:04.653 D 渲染帧率: 28 fps
02:35:04.714 D 数据播放频率: 251 fps
02:35:05.654 D 渲染帧率: 27 fps
02:35:05.718 D 数据播放频率: 251 fps
02:35:06.658 D 渲染帧率: 28 fps
02:35:06.718 D 数据播放频率: 250 fps
02:35:07.540 D SURF band switch to 5
02:35:07.666 D 渲染帧率: 22 fps
02:35:07.722 D 数据播放频率: 251 fps
02:35:08.669 D 渲染帧率: 28 fps
02:35:08.726 D 数据播放频率: 251 fps
02:35:09.671 D 渲染帧率: 27 fps
02:35:09.726 D 数据播放频率: 250 fps
02:35:10.674 D 渲染帧率: 27 fps
02:35:10.730 D 数据播放频率: 250 fps
02:35:11.676 D 渲染帧率: 28 fps
02:35:11.730 D 数据播放频率: 250 fps
02:35:12.680 D 渲染帧率: 27 fps
02:35:12.734 D 数据播放频率: 251 fps
02:35:13.685 D 渲染帧率: 27 fps
02:35:13.738 D 数据播放频率: 251 fps
02:35:14.687 D 渲染帧率: 26 fps
02:35:14.742 D 数据播放频率: 251 fps
02:35:15.691 D 渲染帧率: 27 fps
02:35:15.746 D 数据播放频率: 251 fps
02:35:16.696 D 渲染帧率: 27 fps
02:35:16.750 D 数据播放频率: 251 fps
02:35:17.698 D 渲染帧率: 27 fps
02:35:17.754 D 数据播放频率: 251 fps
02:35:18.705 D 渲染帧率: 28 fps
02:35:18.758 D 数据播放频率: 251 fps
02:35:19.706 D 渲染帧率: 27 fps
02:35:19.762 D 数据播放频率: 251 fps
02:35:20.710 D 渲染帧率: 27 fps
02:35:20.762 D 数据播放频率: 250 fps
02:35:21.104 D SURF band switch to 6
02:35:21.711 D 渲染帧率: 23 fps
02:35:21.766 D 数据播放频率: 250 fps
02:35:22.714 D 渲染帧率: 27 fps
02:35:22.770 D 数据播放频率: 251 fps
02:35:23.718 D 渲染帧率: 27 fps
02:35:23.774 D 数据播放频率: 251 fps
02:35:24.722 D 渲染帧率: 27 fps
02:35:24.774 D 数据播放频率: 250 fps
02:35:25.724 D 渲染帧率: 28 fps
02:35:25.778 D 数据播放频率: 251 fps
02:35:26.728 D 渲染帧率: 27 fps
02:35:26.779 D 数据播放频率: 250 fps
02:35:27.729 D 渲染帧率: 26 fps
02:35:27.782 D 数据播放频率: 251 fps
02:35:28.732 D 渲染帧率: 28 fps
02:35:28.786 D 数据播放频率: 251 fps
02:35:29.738 D 渲染帧率: 26 fps
02:35:29.790 D 数据播放频率: 251 fps
02:35:30.745 D 渲染帧率: 28 fps
02:35:30.790 D 数据播放频率: 250 fps
02:35:31.750 D 渲染帧率: 27 fps
02:35:31.794 D 数据播放频率: 251 fps
02:35:32.755 D 渲染帧率: 28 fps
02:35:32.798 D 数据播放频率: 251 fps
02:35:33.760 D 渲染帧率: 27 fps
02:35:33.802 D 数据播放频率: 251 fps
02:35:34.767 D 渲染帧率: 26 fps
02:35:34.802 D 数据播放频率: 250 fps
02:35:35.223 D SURF band switch to 7
02:35:35.770 D 渲染帧率: 22 fps
02:35:35.806 D 数据播放频率: 250 fps
02:35:36.774 D 渲染帧率: 28 fps
02:35:36.810 D 数据播放频率: 251 fps
02:35:37.779 D 渲染帧率: 27 fps
02:35:37.813 D 数据播放频率: 251 fps
02:35:38.779 D 渲染帧率: 27 fps
02:35:38.814 D 数据播放频率: 250 fps
02:35:39.789 D 渲染帧率: 28 fps
02:35:39.818 D 数据播放频率: 251 fps
02:35:40.791 D 渲染帧率: 27 fps
02:35:40.818 D 数据播放频率: 247 fps
02:35:41.795 D 渲染帧率: 27 fps
02:35:41.822 D 数据播放频率: 251 fps
02:35:42.798 D 渲染帧率: 26 fps
02:35:42.822 D 数据播放频率: 250 fps
02:35:43.807 D 渲染帧率: 23 fps
02:35:43.836 D 数据播放频率: 148 fps
02:35:44.816 D 渲染帧率: 20 fps
02:35:44.838 D 数据播放频率: 77 fps
02:35:45.819 D 渲染帧率: 25 fps
02:35:45.849 D 数据播放频率: 187 fps
02:35:46.824 D 渲染帧率: 23 fps
02:35:46.850 D 数据播放频率: 167 fps
02:35:47.826 D 渲染帧率: 27 fps
02:35:47.850 D 数据播放频率: 250 fps
02:35:48.831 D 渲染帧率: 28 fps
02:35:48.854 D 数据播放频率: 251 fps
02:35:49.836 D 渲染帧率: 27 fps
02:35:49.858 D 数据播放频率: 251 fps
02:35:50.330 D SURF band switch to 8
02:35:50.839 D 渲染帧率: 22 fps
02:35:50.862 D 数据播放频率: 251 fps
02:35:51.841 D 渲染帧率: 27 fps
02:35:51.865 D 数据播放频率: 251 fps
02:35:52.847 D 渲染帧率: 28 fps
02:35:52.870 D 数据播放频率: 251 fps
02:35:53.850 D 渲染帧率: 27 fps
02:35:53.873 D 数据播放频率: 251 fps
02:35:54.854 D 渲染帧率: 27 fps
02:35:54.874 D 数据播放频率: 250 fps
02:35:55.859 D 渲染帧率: 27 fps
02:35:55.878 D 数据播放频率: 251 fps
02:35:56.862 D 渲染帧率: 27 fps
02:35:56.882 D 数据播放频率: 251 fps
02:35:57.866 D 渲染帧率: 27 fps
02:35:57.886 D 数据播放频率: 251 fps
02:35:58.870 D 渲染帧率: 27 fps
02:35:58.890 D 数据播放频率: 251 fps
02:35:59.877 D 渲染帧率: 28 fps
02:35:59.894 D 数据播放频率: 251 fps
02:36:00.884 D 渲染帧率: 27 fps
02:36:00.898 D 数据播放频率: 250 fps
02:36:01.886 D 渲染帧率: 27 fps
02:36:01.898 D 数据播放频率: 250 fps
02:36:02.896 D 渲染帧率: 28 fps
02:36:02.902 D 数据播放频率: 251 fps
02:36:03.906 D 数据播放频率: 251 fps
02:36:03.958 D 渲染帧率: 23 fps
02:36:04.091 D SURF band switch to 9
02:36:04.910 D 数据播放频率: 251 fps
02:36:04.959 D 渲染帧率: 26 fps
02:36:05.911 D 数据播放频率: 250 fps
02:36:05.962 D 渲染帧率: 27 fps
02:36:06.914 D 数据播放频率: 251 fps
02:36:06.962 D 渲染帧率: 27 fps
02:36:07.918 D 数据播放频率: 251 fps
02:36:07.970 D 渲染帧率: 27 fps
02:36:08.922 D 数据播放频率: 251 fps
02:36:08.973 D 渲染帧率: 27 fps
02:36:09.925 D 数据播放频率: 251 fps
02:36:09.977 D 渲染帧率: 28 fps
02:36:10.929 D 数据播放频率: 251 fps
02:36:10.978 D 渲染帧率: 27 fps
02:36:11.930 D 数据播放频率: 250 fps
02:36:11.984 D 渲染帧率: 27 fps
02:36:12.934 D 数据播放频率: 251 fps
02:36:12.988 D 渲染帧率: 27 fps
02:36:13.938 D 数据播放频率: 251 fps
02:36:13.992 D 渲染帧率: 27 fps
02:36:14.942 D 数据播放频率: 251 fps
02:36:14.994 D 渲染帧率: 27 fps
02:36:15.945 D 数据播放频率: 251 fps
02:36:15.997 D 渲染帧率: 27 fps
02:36:16.950 D 数据播放频率: 251 fps
02:36:17.023 D 渲染帧率: 25 fps
02:36:17.120 D SURF band switch to 10
02:36:17.954 D 数据播放频率: 251 fps
02:36:18.030 D 渲染帧率: 26 fps
02:36:18.958 D 数据播放频率: 251 fps
02:36:19.031 D 渲染帧率: 27 fps
02:36:19.962 D 数据播放频率: 251 fps
02:36:20.037 D 渲染帧率: 28 fps
02:36:20.965 D 数据播放频率: 251 fps
02:36:21.039 D 渲染帧率: 27 fps
02:36:21.970 D 数据播放频率: 251 fps
02:36:22.040 D 渲染帧率: 27 fps
02:36:22.970 D 数据播放频率: 250 fps
02:36:23.044 D 渲染帧率: 27 fps
02:36:23.974 D 数据播放频率: 251 fps
02:36:24.048 D 渲染帧率: 27 fps
02:36:24.978 D 数据播放频率: 251 fps
02:36:25.052 D 渲染帧率: 27 fps
02:36:25.982 D 数据播放频率: 251 fps
02:36:26.052 D 渲染帧率: 27 fps
02:36:26.986 D 数据播放频率: 251 fps
02:36:27.054 D 渲染帧率: 27 fps
02:36:27.990 D 数据播放频率: 251 fps
02:36:28.058 D 渲染帧率: 27 fps
02:36:28.994 D 数据播放频率: 251 fps
02:36:29.064 D 渲染帧率: 28 fps
02:36:29.998 D 数据播放频率: 251 fps
02:36:30.070 D 渲染帧率: 27 fps
02:36:30.614 D SURF band switch to 11
02:36:31.002 D 数据播放频率: 251 fps
02:36:31.079 D 渲染帧率: 21 fps
02:36:32.006 D 数据播放频率: 251 fps
02:36:32.083 D 渲染帧率: 28 fps
02:36:33.010 D 数据播放频率: 251 fps
02:36:33.090 D 渲染帧率: 27 fps
02:36:34.012 D 数据播放频率: 206 fps
02:36:34.090 D 渲染帧率: 25 fps
02:36:35.013 D 数据播放频率: 64 fps
02:36:35.102 D 渲染帧率: 21 fps
02:36:36.025 D 数据播放频率: 66 fps
02:36:36.104 D 渲染帧率: 20 fps
02:36:37.031 D 数据播放频率: 64 fps
02:36:37.128 D 渲染帧率: 19 fps
02:36:38.036 D 数据播放频率: 65 fps
02:36:38.145 D 渲染帧率: 19 fps
02:36:39.050 D 数据播放频率: 66 fps
02:36:39.160 D 渲染帧率: 21 fps
02:36:40.055 D 数据播放频率: 67 fps
02:36:40.161 D 渲染帧率: 19 fps
02:36:41.061 D 数据播放频率: 67 fps
02:36:41.167 D 渲染帧率: 19 fps
02:36:42.070 D 数据播放频率: 67 fps
02:36:42.196 D 渲染帧率: 21 fps
02:36:43.083 D 数据播放频率: 64 fps
02:36:43.210 D 渲染帧率: 20 fps
02:36:44.097 D 数据播放频率: 63 fps
02:36:44.221 D 渲染帧率: 20 fps
02:36:45.102 D 数据播放频率: 66 fps
02:36:45.225 D 渲染帧率: 21 fps
02:36:46.106 D 数据播放频率: 65 fps
02:36:46.237 D 渲染帧率: 19 fps
02:36:47.116 D 数据播放频率: 64 fps
02:36:47.243 D 渲染帧率: 19 fps
02:36:48.117 D 数据播放频率: 64 fps
02:36:48.256 D 渲染帧率: 21 fps
02:36:49.122 D 数据播放频率: 64 fps
02:36:49.264 D 渲染帧率: 18 fps
02:36:50.127 D 数据播放频率: 64 fps
02:36:50.289 D 渲染帧率: 21 fps
02:36:51.136 D 数据播放频率: 65 fps
02:36:51.307 D 渲染帧率: 19 fps
02:36:52.138 D 数据播放频率: 66 fps
02:36:52.326 D 渲染帧率: 19 fps
02:36:53.149 D 数据播放频率: 66 fps
02:36:53.338 D 渲染帧率: 19 fps
02:36:54.150 D 数据播放频率: 64 fps
02:36:54.342 D 渲染帧率: 20 fps
02:36:55.150 D 数据播放频率: 64 fps
02:36:55.347 D 渲染帧率: 20 fps
02:36:56.152 D 数据播放频率: 66 fps
02:36:56.353 D 渲染帧率: 19 fps
02:36:57.164 D 数据播放频率: 65 fps
02:36:57.385 D 渲染帧率: 20 fps
02:36:58.169 D 数据播放频率: 65 fps
02:36:58.398 D 渲染帧率: 19 fps
02:36:59.178 D 数据播放频率: 66 fps
02:36:59.408 D 渲染帧率: 21 fps
02:37:00.184 D 数据播放频率: 67 fps
02:37:00.410 D 渲染帧率: 19 fps
02:37:01.194 D 数据播放频率: 66 fps
02:37:01.417 D 渲染帧率: 19 fps
02:37:02.210 D 数据播放频率: 66 fps
02:37:02.430 D 渲染帧率: 20 fps
02:37:03.222 D 数据播放频率: 66 fps
02:37:03.430 D 渲染帧率: 19 fps
02:37:04.230 D 数据播放频率: 65 fps
02:37:04.440 D 渲染帧率: 19 fps
02:37:05.244 D 数据播放频率: 66 fps
02:37:05.449 D 渲染帧率: 19 fps
02:37:06.259 D 数据播放频率: 66 fps
02:37:06.451 D 渲染帧率: 19 fps
02:37:07.271 D 数据播放频率: 64 fps
02:37:07.478 D 渲染帧率: 19 fps
02:37:08.283 D 数据播放频率: 66 fps
02:37:08.495 D 渲染帧率: 20 fps
02:37:09.285 D 数据播放频率: 65 fps
02:37:09.524 D 渲染帧率: 20 fps
02:37:10.299 D 数据播放频率: 66 fps
02:37:10.527 D 渲染帧率: 7 fps
02:37:10.793 D SURF band switch to 12
02:37:11.303 D 数据播放频率: 65 fps
02:37:11.543 D 渲染帧率: 17 fps
02:37:12.313 D 数据播放频率: 64 fps
02:37:12.570 D 渲染帧率: 18 fps
02:37:13.314 D 数据播放频率: 64 fps
02:37:13.580 D 渲染帧率: 20 fps
02:37:14.325 D 数据播放频率: 65 fps
02:37:14.582 D 渲染帧率: 19 fps
02:37:15.327 D 数据播放频率: 65 fps
02:37:15.586 D 渲染帧率: 22 fps
02:37:16.331 D 数据播放频率: 65 fps
02:37:16.619 D 渲染帧率: 20 fps
02:37:17.344 D 数据播放频率: 64 fps
02:37:17.631 D 渲染帧率: 18 fps
02:37:18.346 D 数据播放频率: 64 fps
02:37:18.638 D 渲染帧率: 19 fps
02:37:19.349 D 数据播放频率: 65 fps
02:37:19.645 D 渲染帧率: 19 fps
02:37:20.357 D 数据播放频率: 64 fps
02:37:20.661 D 渲染帧率: 19 fps
02:37:21.360 D 数据播放频率: 64 fps
02:37:21.674 D 渲染帧率: 19 fps
02:37:22.370 D 数据播放频率: 64 fps
02:37:22.692 D 渲染帧率: 20 fps
02:37:23.382 D 数据播放频率: 65 fps
02:37:23.699 D 渲染帧率: 19 fps
02:37:24.391 D 数据播放频率: 65 fps
02:37:24.711 D 渲染帧率: 19 fps
02:37:25.393 D 数据播放频率: 63 fps
02:37:25.742 D 渲染帧率: 19 fps
02:37:26.406 D 数据播放频率: 65 fps
02:37:26.745 D 渲染帧率: 20 fps
02:37:27.416 D 数据播放频率: 66 fps
02:37:27.767 D 渲染帧率: 19 fps
02:37:28.425 D 数据播放频率: 67 fps
02:37:28.771 D 渲染帧率: 20 fps
02:37:29.438 D 数据播放频率: 67 fps
02:37:29.788 D 渲染帧率: 20 fps
02:37:30.449 D 数据播放频率: 65 fps
02:37:30.799 D 渲染帧率: 20 fps
02:37:31.454 D 数据播放频率: 65 fps
02:37:31.827 D 渲染帧率: 19 fps
02:37:32.465 D 数据播放频率: 66 fps
02:37:32.836 D 渲染帧率: 19 fps
02:37:33.466 D 数据播放频率: 64 fps
02:37:33.841 D 渲染帧率: 18 fps
02:37:34.477 D 数据播放频率: 66 fps
02:37:34.853 D 渲染帧率: 19 fps
02:37:35.482 D 数据播放频率: 67 fps
02:37:35.885 D 渲染帧率: 20 fps
02:37:36.497 D 数据播放频率: 66 fps
02:37:36.890 D 渲染帧率: 19 fps
02:37:37.510 D 数据播放频率: 66 fps
02:37:37.898 D 渲染帧率: 19 fps
02:37:38.517 D 数据播放频率: 64 fps
02:37:38.905 D 渲染帧率: 19 fps
02:37:39.519 D 数据播放频率: 66 fps
02:37:39.916 D 渲染帧率: 19 fps
02:37:40.532 D 数据播放频率: 65 fps
02:37:40.929 D 渲染帧率: 19 fps
02:37:41.539 D 数据播放频率: 64 fps
02:37:41.931 D 渲染帧率: 19 fps
02:37:42.541 D 数据播放频率: 64 fps
02:37:42.933 D 渲染帧率: 19 fps
02:37:43.548 D 数据播放频率: 64 fps
02:37:43.937 D 渲染帧率: 20 fps
02:37:44.550 D 数据播放频率: 66 fps
02:37:44.939 D 渲染帧率: 19 fps
02:37:45.557 D 数据播放频率: 65 fps
02:37:45.943 D 渲染帧率: 19 fps
02:37:46.567 D 数据播放频率: 66 fps
02:37:46.946 D 渲染帧率: 20 fps
02:37:47.578 D 数据播放频率: 67 fps
02:37:47.959 D 渲染帧率: 19 fps
02:37:48.581 D 数据播放频率: 64 fps
02:37:48.980 D 渲染帧率: 19 fps
02:37:49.584 D 数据播放频率: 66 fps
02:37:49.982 D 渲染帧率: 19 fps
02:37:50.591 D 数据播放频率: 64 fps
02:37:50.990 D 渲染帧率: 19 fps
02:37:51.599 D 数据播放频率: 64 fps
02:37:51.994 D 渲染帧率: 19 fps
02:37:52.608 D 数据播放频率: 67 fps
02:37:53.003 D 渲染帧率: 20 fps
02:37:53.615 D 数据播放频率: 65 fps
02:37:54.011 D 渲染帧率: 20 fps
02:37:54.616 D 数据播放频率: 65 fps
02:37:55.036 D 渲染帧率: 21 fps
02:37:55.623 D 数据播放频率: 65 fps
02:37:56.049 D 渲染帧率: 19 fps
02:37:56.633 D 数据播放频率: 65 fps
02:37:57.057 D 渲染帧率: 20 fps
02:37:57.639 D 数据播放频率: 67 fps
02:37:58.060 D 渲染帧率: 20 fps
02:37:58.645 D 数据播放频率: 67 fps
02:37:59.067 D 渲染帧率: 19 fps
02:37:59.654 D 数据播放频率: 64 fps
02:38:00.105 D 渲染帧率: 17 fps
02:38:00.659 D 数据播放频率: 63 fps
02:38:01.274 D 渲染帧率: 6 fps
02:38:01.591 D SURF band switch to 13
02:38:01.666 D 数据播放频率: 64 fps
02:38:02.291 D 渲染帧率: 16 fps
02:38:02.677 D 数据播放频率: 67 fps
02:38:03.294 D 渲染帧率: 20 fps
02:38:03.688 D 数据播放频率: 64 fps
02:38:04.296 D 渲染帧率: 20 fps
02:38:04.703 D 数据播放频率: 64 fps
02:38:05.303 D 渲染帧率: 20 fps
02:38:05.715 D 数据播放频率: 64 fps
02:38:06.313 D 渲染帧率: 20 fps
02:38:06.730 D 数据播放频率: 65 fps
02:38:07.327 D 渲染帧率: 20 fps
02:38:07.745 D 数据播放频率: 65 fps
02:38:08.334 D 渲染帧率: 18 fps
02:38:08.749 D 数据播放频率: 63 fps
02:38:09.351 D 渲染帧率: 19 fps
02:38:09.751 D 数据播放频率: 66 fps
02:38:10.357 D 渲染帧率: 19 fps
02:38:10.762 D 数据播放频率: 64 fps
02:38:11.385 D 渲染帧率: 20 fps
02:38:11.768 D 数据播放频率: 64 fps
02:38:12.390 D 渲染帧率: 19 fps
02:38:12.775 D 数据播放频率: 67 fps
02:38:13.402 D 渲染帧率: 19 fps
02:38:13.778 D 数据播放频率: 64 fps
02:38:14.423 D 渲染帧率: 19 fps
02:38:14.781 D 数据播放频率: 63 fps
02:38:15.453 D 渲染帧率: 20 fps
02:38:15.782 D 数据播放频率: 65 fps
02:38:16.460 D 渲染帧率: 19 fps
02:38:16.790 D 数据播放频率: 64 fps
02:38:17.479 D 渲染帧率: 19 fps
02:38:17.791 D 数据播放频率: 64 fps
02:38:18.482 D 渲染帧率: 19 fps
02:38:18.798 D 数据播放频率: 67 fps
02:38:19.496 D 渲染帧率: 19 fps
02:38:19.814 D 数据播放频率: 64 fps
02:38:20.501 D 渲染帧率: 18 fps
02:38:20.815 D 数据播放频率: 63 fps
02:38:21.532 D 渲染帧率: 19 fps
02:38:21.821 D 数据播放频率: 64 fps
02:38:22.546 D 渲染帧率: 20 fps
02:38:22.830 D 数据播放频率: 66 fps
02:38:23.551 D 渲染帧率: 19 fps
02:38:23.838 D 数据播放频率: 67 fps
02:38:24.557 D 渲染帧率: 18 fps
02:38:24.840 D 数据播放频率: 63 fps
02:38:25.571 D 渲染帧率: 20 fps
02:38:25.850 D 数据播放频率: 64 fps
02:38:26.605 D 渲染帧率: 19 fps
02:38:26.854 D 数据播放频率: 66 fps
02:38:27.622 D 渲染帧率: 21 fps
02:38:27.865 D 数据播放频率: 66 fps
02:38:28.630 D 渲染帧率: 21 fps
02:38:28.872 D 数据播放频率: 65 fps
02:38:29.648 D 渲染帧率: 19 fps
02:38:29.876 D 数据播放频率: 65 fps
02:38:30.677 D 渲染帧率: 19 fps
02:38:30.893 D 数据播放频率: 66 fps
02:38:31.679 D 渲染帧率: 18 fps
02:38:31.900 D 数据播放频率: 65 fps
02:38:32.687 D 渲染帧率: 20 fps
02:38:32.901 D 数据播放频率: 65 fps
02:38:33.689 D 渲染帧率: 20 fps
02:38:33.916 D 数据播放频率: 66 fps
02:38:34.708 D 渲染帧率: 19 fps
02:38:34.922 D 数据播放频率: 65 fps
02:38:35.719 D 渲染帧率: 19 fps
02:38:35.930 D 数据播放频率: 66 fps
02:38:36.738 D 渲染帧率: 19 fps
02:38:36.932 D 数据播放频率: 65 fps
02:38:37.757 D 渲染帧率: 19 fps
02:38:37.935 D 数据播放频率: 65 fps
02:38:38.762 D 渲染帧率: 19 fps
02:38:38.946 D 数据播放频率: 66 fps
02:38:39.785 D 渲染帧率: 20 fps
02:38:39.948 D 数据播放频率: 65 fps
02:38:40.798 D 渲染帧率: 19 fps
02:38:40.954 D 数据播放频率: 66 fps
02:38:41.808 D 渲染帧率: 19 fps
02:38:41.961 D 数据播放频率: 66 fps
02:38:42.811 D 渲染帧率: 19 fps
02:38:42.962 D 数据播放频率: 65 fps
02:38:43.824 D 渲染帧率: 19 fps
02:38:43.963 D 数据播放频率: 65 fps
02:38:44.827 D 渲染帧率: 19 fps
02:38:44.965 D 数据播放频率: 65 fps
02:38:45.839 D 渲染帧率: 19 fps
02:38:45.978 D 数据播放频率: 66 fps
02:38:46.872 D 渲染帧率: 20 fps
02:38:46.990 D 数据播放频率: 66 fps
02:38:47.886 D 渲染帧率: 20 fps
02:38:47.992 D 数据播放频率: 65 fps
02:38:48.943 D 渲染帧率: 18 fps
02:38:49.005 D 数据播放频率: 66 fps
02:38:49.990 D 渲染帧率: 7 fps
02:38:50.019 D 数据播放频率: 66 fps
02:38:50.056 D SURF band switch to 14
02:38:51.005 D 渲染帧率: 16 fps
02:38:51.033 D 数据播放频率: 66 fps
02:38:52.008 D 渲染帧率: 17 fps
02:38:52.039 D 数据播放频率: 65 fps
02:38:53.025 D 渲染帧率: 22 fps
02:38:53.049 D 数据播放频率: 66 fps
02:38:54.034 D 渲染帧率: 19 fps
02:38:54.064 D 数据播放频率: 66 fps
02:38:55.035 D 渲染帧率: 20 fps
02:38:55.065 D 数据播放频率: 65 fps
02:38:56.048 D 渲染帧率: 19 fps
02:38:56.074 D 数据播放频率: 65 fps
02:38:57.052 D 渲染帧率: 19 fps
02:38:57.079 D 数据播放频率: 65 fps
02:38:58.069 D 渲染帧率: 19 fps
02:38:58.094 D 数据播放频率: 66 fps
02:38:59.077 D 渲染帧率: 19 fps
02:38:59.107 D 数据播放频率: 66 fps
02:39:00.086 D 渲染帧率: 19 fps
02:39:00.115 D 数据播放频率: 65 fps
02:39:01.105 D 渲染帧率: 19 fps
02:39:01.128 D 数据播放频率: 66 fps
02:39:02.113 D 渲染帧率: 20 fps
02:39:02.143 D 数据播放频率: 66 fps
02:39:03.120 D 渲染帧率: 18 fps
02:39:03.149 D 数据播放频率: 65 fps
02:39:04.123 D 渲染帧率: 20 fps
02:39:04.152 D 数据播放频率: 65 fps
02:39:05.133 D 渲染帧率: 19 fps
02:39:05.162 D 数据播放频率: 65 fps
02:39:06.138 D 渲染帧率: 19 fps
02:39:06.167 D 数据播放频率: 65 fps
02:39:07.166 D 渲染帧率: 20 fps
02:39:07.178 D 数据播放频率: 66 fps
02:39:08.178 D 渲染帧率: 20 fps
02:39:08.191 D 数据播放频率: 66 fps
02:39:09.185 D 渲染帧率: 18 fps
02:39:09.198 D 数据播放频率: 65 fps
02:39:10.188 D 渲染帧率: 20 fps
02:39:10.204 D 数据播放频率: 65 fps
02:39:11.194 D 渲染帧率: 20 fps
02:39:11.205 D 数据播放频率: 65 fps
02:39:12.197 D 渲染帧率: 18 fps
02:39:12.212 D 数据播放频率: 65 fps
02:39:13.209 D 渲染帧率: 19 fps
02:39:13.217 D 数据播放频率: 65 fps
02:39:14.220 D 数据播放频率: 65 fps
02:39:14.221 D 渲染帧率: 19 fps
02:39:15.234 D 数据播放频率: 66 fps
02:39:15.237 D 渲染帧率: 19 fps
02:39:16.236 D 数据播放频率: 65 fps
02:39:16.256 D 渲染帧率: 19 fps
02:39:17.236 D 数据播放频率: 65 fps
02:39:17.284 D 渲染帧率: 19 fps
02:39:18.252 D 数据播放频率: 66 fps
02:39:18.300 D 渲染帧率: 20 fps
02:39:19.263 D 数据播放频率: 65 fps
02:39:19.331 D 渲染帧率: 19 fps
02:39:20.273 D 数据播放频率: 65 fps
02:39:20.338 D 渲染帧率: 19 fps
02:39:21.275 D 数据播放频率: 65 fps
02:39:21.339 D 渲染帧率: 19 fps
02:39:22.284 D 数据播放频率: 65 fps
02:39:22.346 D 渲染帧率: 20 fps
02:39:23.289 D 数据播放频率: 65 fps
02:39:23.353 D 渲染帧率: 19 fps
02:39:24.291 D 数据播放频率: 65 fps
02:39:24.355 D 渲染帧率: 19 fps
02:39:25.294 D 数据播放频率: 65 fps
02:39:25.356 D 渲染帧率: 18 fps
02:39:26.295 D 数据播放频率: 65 fps
02:39:26.393 D 渲染帧率: 20 fps
02:39:27.309 D 数据播放频率: 66 fps
02:39:27.402 D 渲染帧率: 19 fps
02:39:28.323 D 数据播放频率: 66 fps
02:39:28.404 D 渲染帧率: 19 fps
02:39:29.336 D 数据播放频率: 65 fps
02:39:29.416 D 渲染帧率: 19 fps
02:39:30.341 D 数据播放频率: 65 fps
02:39:30.439 D 渲染帧率: 19 fps
02:39:31.341 D 数据播放频率: 65 fps
02:39:31.441 D 渲染帧率: 20 fps
02:39:32.355 D 数据播放频率: 66 fps
02:39:32.452 D 渲染帧率: 19 fps
02:39:33.360 D 数据播放频率: 65 fps
02:39:33.459 D 渲染帧率: 19 fps
02:39:34.369 D 数据播放频率: 65 fps
02:39:34.479 D 渲染帧率: 19 fps
02:39:35.379 D 数据播放频率: 65 fps
02:39:35.489 D 渲染帧率: 20 fps
02:39:36.385 D 数据播放频率: 65 fps
02:39:36.510 D 渲染帧率: 20 fps
02:39:37.395 D 数据播放频率: 65 fps
02:39:37.569 D 渲染帧率: 19 fps
02:39:38.400 D 数据播放频率: 65 fps
02:39:39.217 D 渲染帧率: 13 fps
02:39:39.402 D 数据播放频率: 65 fps
02:39:39.782 D SURF band switch to 15
02:39:40.240 D 渲染帧率: 18 fps
02:39:40.406 D 数据播放频率: 65 fps
02:39:41.268 D 渲染帧率: 20 fps
02:39:41.407 D 数据播放频率: 65 fps
02:39:42.269 D 渲染帧率: 20 fps
02:39:42.421 D 数据播放频率: 66 fps
02:39:43.279 D 渲染帧率: 19 fps
02:39:43.432 D 数据播放频率: 65 fps
02:39:44.281 D 渲染帧率: 18 fps
02:39:44.434 D 数据播放频率: 64 fps
02:39:45.293 D 渲染帧率: 19 fps
02:39:45.446 D 数据播放频率: 65 fps
02:39:46.300 D 渲染帧率: 20 fps
02:39:46.451 D 数据播放频率: 65 fps
02:39:47.302 D 渲染帧率: 19 fps
02:39:47.456 D 数据播放频率: 65 fps
02:39:48.309 D 渲染帧率: 19 fps
02:39:48.461 D 数据播放频率: 65 fps
02:39:49.318 D 渲染帧率: 19 fps
02:39:49.472 D 数据播放频率: 66 fps
02:39:50.334 D 渲染帧率: 19 fps
02:39:50.473 D 数据播放频率: 65 fps
02:39:51.346 D 渲染帧率: 19 fps
02:39:51.484 D 数据播放频率: 65 fps
02:39:52.367 D 渲染帧率: 19 fps
02:39:52.486 D 数据播放频率: 65 fps
02:39:53.372 D 渲染帧率: 19 fps
02:39:53.492 D 数据播放频率: 65 fps
02:39:54.384 D 渲染帧率: 19 fps
02:39:54.506 D 数据播放频率: 66 fps
02:39:55.391 D 渲染帧率: 19 fps
02:39:55.514 D 数据播放频率: 65 fps
02:39:56.392 D 渲染帧率: 19 fps
02:39:56.515 D 数据播放频率: 65 fps
02:39:57.405 D 渲染帧率: 20 fps
02:39:57.529 D 数据播放频率: 66 fps
02:39:58.419 D 渲染帧率: 19 fps
02:39:58.541 D 数据播放频率: 66 fps
02:39:59.433 D 渲染帧率: 19 fps
02:39:59.556 D 数据播放频率: 66 fps
02:40:00.434 D 渲染帧率: 21 fps
02:40:00.558 D 数据播放频率: 65 fps
02:40:01.450 D 渲染帧率: 19 fps
02:40:01.572 D 数据播放频率: 66 fps
02:40:02.459 D 渲染帧率: 19 fps
02:40:02.578 D 数据播放频率: 66 fps
02:40:03.461 D 渲染帧率: 18 fps
02:40:03.580 D 数据播放频率: 65 fps
02:40:04.464 D 渲染帧率: 21 fps
02:40:04.584 D 数据播放频率: 65 fps
02:40:05.472 D 渲染帧率: 19 fps
02:40:05.596 D 数据播放频率: 66 fps
02:40:06.492 D 渲染帧率: 19 fps
02:40:06.611 D 数据播放频率: 66 fps
02:40:07.504 D 渲染帧率: 19 fps
02:40:07.624 D 数据播放频率: 66 fps
02:40:08.534 D 渲染帧率: 20 fps
02:40:08.640 D 数据播放频率: 66 fps
02:40:09.540 D 渲染帧率: 19 fps
02:40:09.642 D 数据播放频率: 65 fps
02:40:10.571 D 渲染帧率: 19 fps
02:40:10.648 D 数据播放频率: 65 fps
02:40:11.580 D 渲染帧率: 19 fps
02:40:11.653 D 数据播放频率: 65 fps
02:40:12.581 D 渲染帧率: 19 fps
02:40:12.659 D 数据播放频率: 65 fps
02:40:13.591 D 渲染帧率: 20 fps
02:40:13.669 D 数据播放频率: 65 fps
02:40:14.596 D 渲染帧率: 19 fps
02:40:14.670 D 数据播放频率: 65 fps
02:40:15.616 D 渲染帧率: 19 fps
02:40:15.673 D 数据播放频率: 65 fps
02:40:16.618 D 渲染帧率: 19 fps
02:40:16.678 D 数据播放频率: 65 fps
02:40:17.622 D 渲染帧率: 19 fps
02:40:17.682 D 数据播放频率: 65 fps
02:40:18.629 D 渲染帧率: 19 fps
02:40:18.689 D 数据播放频率: 65 fps
02:40:19.640 D 渲染帧率: 15 fps
02:40:19.697 D 数据播放频率: 66 fps
02:40:20.645 D 渲染帧率: 19 fps
02:40:20.707 D 数据播放频率: 65 fps
02:40:21.650 D 渲染帧率: 19 fps
02:40:21.711 D 数据播放频率: 65 fps
02:40:22.663 D 渲染帧率: 19 fps
02:40:22.724 D 数据播放频率: 66 fps
02:40:23.685 D 渲染帧率: 20 fps
02:40:23.730 D 数据播放频率: 65 fps
02:40:24.703 D 渲染帧率: 20 fps
02:40:24.731 D 数据播放频率: 65 fps
02:40:25.746 D 数据播放频率: 66 fps
02:40:26.175 D 渲染帧率: 17 fps
02:40:26.634 D SURF band switch to 16
02:40:26.749 D 数据播放频率: 65 fps
02:40:27.196 D 渲染帧率: 17 fps
02:40:27.763 D 数据播放频率: 66 fps
02:40:28.201 D 渲染帧率: 15 fps
02:40:28.772 D 数据播放频率: 65 fps
02:40:29.209 D 渲染帧率: 20 fps
02:40:29.774 D 数据播放频率: 65 fps
02:40:30.233 D 渲染帧率: 20 fps
02:40:30.776 D 数据播放频率: 65 fps
02:40:31.246 D 渲染帧率: 19 fps
02:40:31.788 D 数据播放频率: 66 fps
02:40:32.256 D 渲染帧率: 19 fps
02:40:32.798 D 数据播放频率: 65 fps
02:40:33.262 D 渲染帧率: 19 fps
02:40:33.803 D 数据播放频率: 66 fps
02:40:34.273 D 渲染帧率: 19 fps
02:40:34.810 D 数据播放频率: 66 fps
02:40:35.277 D 渲染帧率: 19 fps
02:40:35.824 D 数据播放频率: 67 fps
02:40:36.290 D 渲染帧率: 19 fps
02:40:36.829 D 数据播放频率: 65 fps
02:40:37.295 D 渲染帧率: 19 fps
02:40:37.835 D 数据播放频率: 65 fps
02:40:38.297 D 渲染帧率: 20 fps
02:40:38.852 D 数据播放频率: 66 fps
02:40:39.311 D 渲染帧率: 19 fps
02:40:39.864 D 数据播放频率: 66 fps
02:40:40.332 D 渲染帧率: 21 fps
02:40:40.875 D 数据播放频率: 65 fps
02:40:41.338 D 渲染帧率: 18 fps
02:40:41.878 D 数据播放频率: 65 fps
02:40:42.369 D 渲染帧率: 20 fps
02:40:42.888 D 数据播放频率: 66 fps
02:40:43.379 D 渲染帧率: 19 fps
02:40:43.901 D 数据播放频率: 66 fps
02:40:44.410 D 渲染帧率: 20 fps
02:40:44.910 D 数据播放频率: 66 fps
02:40:45.416 D 渲染帧率: 19 fps
02:40:45.918 D 数据播放频率: 65 fps
02:40:46.418 D 渲染帧率: 18 fps
02:40:46.925 D 数据播放频率: 65 fps
02:40:47.427 D 渲染帧率: 19 fps
02:40:47.932 D 数据播放频率: 65 fps
02:40:48.443 D 渲染帧率: 20 fps
02:40:48.938 D 数据播放频率: 64 fps
02:40:49.447 D 渲染帧率: 18 fps
02:40:49.955 D 数据播放频率: 66 fps
02:40:50.457 D 渲染帧率: 19 fps
02:40:50.962 D 数据播放频率: 65 fps
02:40:51.461 D 渲染帧率: 19 fps
02:40:51.975 D 数据播放频率: 67 fps
02:40:52.470 D 渲染帧率: 19 fps
02:40:52.986 D 数据播放频率: 66 fps
02:40:53.476 D 渲染帧率: 19 fps
02:40:53.994 D 数据播放频率: 64 fps
02:40:54.484 D 渲染帧率: 19 fps
02:40:55.007 D 数据播放频率: 65 fps
02:40:55.517 D 渲染帧率: 19 fps
02:40:56.009 D 数据播放频率: 64 fps
02:40:56.530 D 渲染帧率: 20 fps
02:40:57.017 D 数据播放频率: 65 fps
02:40:57.555 D 渲染帧率: 19 fps
02:40:58.020 D 数据播放频率: 65 fps
02:40:58.571 D 渲染帧率: 21 fps
02:40:59.036 D 数据播放频率: 65 fps
02:40:59.589 D 渲染帧率: 20 fps
02:41:00.040 D 数据播放频率: 65 fps
02:41:00.597 D 渲染帧率: 19 fps
02:41:01.051 D 数据播放频率: 65 fps
02:41:01.598 D 渲染帧率: 20 fps
02:41:02.053 D 数据播放频率: 65 fps
02:41:02.610 D 渲染帧率: 21 fps
02:41:03.057 D 数据播放频率: 65 fps
02:41:03.612 D 渲染帧率: 19 fps
02:41:04.065 D 数据播放频率: 64 fps
02:41:04.643 D 渲染帧率: 20 fps
02:41:05.068 D 数据播放频率: 65 fps
02:41:05.653 D 渲染帧率: 19 fps
02:41:06.078 D 数据播放频率: 66 fps
02:41:06.656 D 渲染帧率: 19 fps
02:41:07.093 D 数据播放频率: 66 fps
02:41:07.666 D 渲染帧率: 19 fps
02:41:08.100 D 数据播放频率: 64 fps
02:41:08.669 D 渲染帧率: 19 fps
02:41:09.109 D 数据播放频率: 65 fps
02:41:09.673 D 渲染帧率: 21 fps
02:41:10.122 D 数据播放频率: 65 fps
02:41:10.685 D 渲染帧率: 20 fps
02:41:11.126 D 数据播放频率: 65 fps
02:41:11.690 D 渲染帧率: 20 fps
02:41:12.134 D 数据播放频率: 66 fps
02:41:12.721 D 渲染帧率: 19 fps
02:41:13.145 D 数据播放频率: 66 fps
02:41:13.722 D 渲染帧率: 16 fps
02:41:14.151 D 数据播放频率: 65 fps
02:41:14.820 D 渲染帧率: 4 fps
02:41:14.926 D SURF band switch to 17
02:41:15.155 D 数据播放频率: 65 fps
02:41:15.842 D 渲染帧率: 18 fps
02:41:16.169 D 数据播放频率: 66 fps
02:41:16.853 D 渲染帧率: 21 fps
02:41:17.179 D 数据播放频率: 65 fps
02:41:17.857 D 渲染帧率: 19 fps
02:41:18.190 D 数据播放频率: 66 fps
02:41:18.858 D 渲染帧率: 20 fps
02:41:19.193 D 数据播放频率: 65 fps
02:41:19.878 D 渲染帧率: 19 fps
02:41:20.197 D 数据播放频率: 65 fps
02:41:20.892 D 渲染帧率: 19 fps
02:41:21.202 D 数据播放频率: 66 fps
02:41:21.896 D 渲染帧率: 19 fps
02:41:22.209 D 数据播放频率: 64 fps
02:41:22.909 D 渲染帧率: 20 fps
02:41:23.211 D 数据播放频率: 65 fps
02:41:23.925 D 渲染帧率: 19 fps
02:42:01.704 D VBO Points ID: 2
02:42:01.705 D VBO Colors ID: 3
02:42:01.712 D VBO registered to CUDA successfully!
02:42:16.627 D CSV source ready for 250Hz real-time streaming
02:42:16.627 D Scan started
02:42:16.627 D Data acquisition started at 250Hz
02:42:17.686 D initPointCloud: vboActor added
02:42:17.715 D [VBOActor] RenderOpaqueGeometry called, valid= 0 vboInit= false ids= 0 0
02:42:17.716 D Drawing connected (scan already running)
02:42:17.770 D OpenGL 3.3 initialized for VBO Actor
02:42:17.770 D Shader and VAO initialized
02:42:17.771 D VBOActor first draw, points: 147
02:42:17.935 D SURF band switch to 0
02:42:21.944 D VBO render: 8869 points
02:42:26.056 D VBO render: 33565 points
02:42:30.145 D VBO render: 67375 points
02:42:35.392 D VBO render: 81438 points
02:42:40.373 D VBO render: 94864 points
02:42:44.940 D VBO render: 107114 points
02:42:50.157 D VBO render: 120981 points
02:42:55.325 D VBO render: 134750 points
02:43:01.526 D SURF band switch to 1
02:43:01.619 D VBO render: 145187 points
02:43:06.715 D VBO render: 158025 points
02:43:11.849 D VBO render: 171745 points
02:43:16.621 D VBO render: 184240 points
02:43:21.474 D VBO render: 196784 points
02:43:26.489 D VBO render: 210210 points
02:43:31.647 D VBO render: 224126 points
02:43:36.895 D VBO render: 238336 points
02:43:42.062 D VBO render: 252252 points
02:43:47.354 D VBO render: 266658 points
02:43:52.365 D VBO render: 280231 points
02:43:55.073 D SURF band switch to 2
02:43:56.974 D VBO render: 302134 points
02:44:01.003 D VBO render: 336777 points
02:44:03.562 D VBO render: 363825 points
02:44:03.852 D VBO render: 366863 points
02:44:05.104 D VBO render: 380093 points
02:44:08.740 D VBO render: 418215 points
02:44:10.762 D SURF band switch to 3
02:44:13.135 D VBO render: 456532 points
02:44:15.238 D VBO render: 478435 points
02:44:15.634 D VBO render: 482649 points
02:44:24.794 D SURF band switch to 4
02:44:32.345 D VBO render: 651061 points
02:44:34.793 D VBO render: 676688 points
02:44:38.016 D VBO render: 694867 points
02:44:43.212 D VBO render: 708881 points
02:44:48.181 D SURF band switch to 5
02:44:49.465 D VBO render: 718386 points
02:46:27.737 D VBO Points ID: 2
02:46:27.737 D VBO Colors ID: 3
02:46:27.745 D VBO registered to CUDA successfully!
02:46:31.454 D CSV source ready for 250Hz real-time streaming
02:46:31.454 D Scan started
02:46:31.454 D Data acquisition started at 250Hz
02:46:32.505 D initPointCloud: vboActor added
02:46:32.506 D [VBOActor] RenderOpaqueGeometry called, valid= 0 vboInit= false ids= 0 0
02:46:32.507 D Drawing connected (scan already running)
02:46:32.572 D OpenGL 3.3 initialized for VBO Actor
02:46:32.573 D Shader and VAO initialized
02:46:32.573 D VBOActor first draw, points: 147
02:46:32.736 D SURF band switch to 0
02:46:37.222 D VBO render: 9849 points
02:46:41.232 D VBO render: 37240 points
02:46:44.904 D VBO render: 75803 points
02:46:48.568 D VBO render: 113827 points
02:46:52.206 D SURF band switch to 1
02:46:52.437 D VBO render: 146755 points
02:46:56.064 D VBO render: 184142 points
02:46:59.744 D VBO render: 222166 points
02:47:03.452 D VBO render: 261072 points
02:47:06.472 D SURF band switch to 2
02:47:07.332 D VBO render: 294882 points
02:47:11.020 D VBO render: 333543 points
02:47:16.810 D VBO render: 394303 points
02:47:17.391 D VBO render: 400379 points
02:47:18.458 D VBO render: 411502 points
02:47:18.730 D VBO render: 414344 points
02:47:19.481 D VBO render: 422233 points
02:47:19.809 D VBO render: 425712 points
02:47:20.402 D VBO render: 431298 points
02:47:21.107 D SURF band switch to 3
02:47:21.263 D VBO render: 433992 points
02:47:22.198 D VBO render: 443057 points
02:47:23.099 D VBO render: 452416 points
02:47:24.367 D VBO render: 465793 points
02:47:28.052 D VBO render: 504405 points
02:47:31.775 D VBO render: 543458 points
02:47:35.130 D SURF band switch to 4
02:47:35.632 D VBO render: 577316 points
02:47:37.959 D VBO render: 601326 points
02:47:38.759 D VBO render: 609803 points
02:47:42.471 D VBO render: 648758 points
02:47:46.172 D VBO render: 687566 points
02:47:50.249 D SURF band switch to 5
02:47:50.251 D VBO render: 715936 points
02:47:53.911 D VBO render: 753225 points
02:47:57.619 D VBO render: 792131 points
02:48:02.793 D VBO render: 808203 points
02:48:08.034 D VBO render: 822364 points
02:48:13.118 D VBO render: 836231 points
02:48:18.229 D VBO render: 849902 points
02:48:19.642 D SURF band switch to 6
02:48:22.268 D VBO render: 878811 points
02:48:25.976 D VBO render: 917717 points
02:48:29.672 D VBO render: 956476 points
02:48:33.547 D VBO render: 991510 points
02:48:33.663 D SURF band switch to 7
02:48:37.224 D VBO render: 1027917 points
02:48:40.928 D VBO render: 1066774 points
02:48:44.680 D VBO render: 1106121 points
02:48:47.059 D SURF band switch to 8
02:48:48.540 D VBO render: 1139734 points
02:48:52.216 D VBO render: 1178248 points
02:48:55.916 D VBO render: 1217105 points
02:48:59.576 D VBO render: 1255423 points
02:49:00.808 D SURF band switch to 9
02:49:03.491 D VBO render: 1288791 points
02:49:07.156 D VBO render: 1327207 points
02:49:10.857 D VBO render: 1366015 points
02:49:13.846 D SURF band switch to 10
02:49:14.712 D VBO render: 1399530 points
02:49:18.404 D VBO render: 1438240 points
02:49:22.124 D VBO render: 1477293 points
02:49:25.803 D VBO render: 1515807 points
02:49:27.339 D SURF band switch to 11
02:49:29.680 D VBO render: 1548832 points
02:49:32.217 D VBO render: 1575243 points
02:49:32.959 D VBO render: 1583230 points
02:49:33.654 D VBO render: 1590384 points
02:49:34.218 D VBO render: 1596215 points
02:49:34.951 D VBO render: 1604055 points
02:49:35.507 D VBO render: 1609837 points
02:49:36.264 D VBO render: 1617775 points
02:50:14.174 D VBO Points ID: 2
02:50:14.174 D VBO Colors ID: 3
02:50:14.182 D VBO registered to CUDA successfully!
02:50:20.782 D CSV source ready for 250Hz real-time streaming
02:50:20.782 D Scan started
02:50:20.782 D Data acquisition started at 250Hz
02:50:22.071 D initPointCloud: vboActor added
02:50:22.084 D [VBOActor] RenderOpaqueGeometry called, valid= 0 vboInit= false ids= 0 0
02:50:22.085 D Drawing connected (scan already running)
02:50:22.137 D OpenGL 3.3 initialized for VBO Actor
02:50:22.138 D Shader and VAO initialized
02:50:22.138 D VBOActor first draw, points: 147
02:50:22.301 D SURF band switch to 0
02:50:26.781 D VBO render: 9849 points
02:50:30.731 D VBO render: 38563 points
02:50:34.441 D VBO render: 77469 points
02:50:38.099 D VBO render: 115444 points
02:50:41.534 D SURF band switch to 1
02:50:41.987 D VBO render: 148470 points
02:50:44.678 D VBO render: 176498 points
02:50:45.394 D VBO render: 183603 points
02:50:47.309 D VBO render: 203154 points
02:50:49.180 D VBO render: 222803 points
02:50:51.185 D VBO render: 243824 points
02:50:54.591 D VBO render: 279545 points
02:50:55.805 D SURF band switch to 2
02:50:58.432 D VBO render: 312914 points
02:51:00.536 D VBO render: 334964 points
02:51:04.109 D VBO render: 358631 points
02:51:09.520 D VBO render: 373331 points
02:51:14.651 D VBO render: 387198 points
02:51:19.777 D VBO render: 401212 points
02:51:25.126 D VBO render: 415569 points
02:51:30.326 D VBO render: 429436 points
02:51:33.727 D SURF band switch to 3
02:51:36.777 D VBO render: 439333 points
02:51:42.021 D VBO render: 453445 points
02:51:47.216 D VBO render: 467410 points
02:51:52.403 D VBO render: 481571 points
02:51:57.704 D VBO render: 495928 points
02:52:02.976 D VBO render: 510236 points
02:52:08.194 D VBO render: 524250 points
02:52:13.525 D VBO render: 538558 points
02:52:18.846 D VBO render: 552866 points
02:52:24.185 D VBO render: 567272 points
02:52:28.133 D SURF band switch to 4
02:52:30.275 D VBO render: 577022 points
02:52:35.287 D VBO render: 590399 points
02:52:40.466 D VBO render: 604364 points
02:52:45.636 D VBO render: 618525 points
02:52:50.964 D VBO render: 632980 points
02:52:55.444 D VBO render: 659489 points
02:52:56.856 D VBO render: 674238 points
02:52:59.547 D VBO render: 702462 points
02:53:01.426 D SURF band switch to 5
02:53:03.411 D VBO render: 735242 points
02:53:07.080 D VBO render: 773707 points
02:53:10.788 D VBO render: 812613 points
02:53:14.476 D VBO render: 850980 points
02:53:15.089 D SURF band switch to 6
02:53:54.802 D VBO Points ID: 2
02:53:54.802 D VBO Colors ID: 3
02:53:54.811 D VBO registered to CUDA successfully!
02:53:58.561 D CSV source ready for 250Hz real-time streaming
02:53:58.561 D Scan started
02:53:58.561 D Data acquisition started at 250Hz
02:54:01.125 D initPointCloud: vboActor added
02:54:01.138 D [VBOActor] RenderOpaqueGeometry called, valid= 0 vboInit= false ids= 0 0
02:54:01.139 D Drawing connected (scan already running)
02:54:01.203 D OpenGL 3.3 initialized for VBO Actor
02:54:01.204 D Shader and VAO initialized
02:54:01.204 D VBOActor first draw, points: 147
02:54:01.367 D SURF band switch to 0
02:54:05.832 D VBO render: 9849 points
02:54:09.554 D VBO render: 46844 points
02:54:13.272 D VBO render: 85848 points
02:54:16.918 D VBO render: 123627 points
02:54:19.247 D SURF band switch to 1
02:54:20.782 D VBO render: 156359 points
02:54:24.434 D VBO render: 193648 points
02:54:28.147 D VBO render: 232554 points
02:54:31.854 D VBO render: 271460 points
02:54:33.628 D SURF band switch to 2
02:54:34.098 D VBO render: 288463 points
02:54:34.919 D VBO render: 296646 points
02:54:35.735 D VBO render: 305221 points
02:54:36.565 D VBO render: 313894 points
02:54:37.694 D VBO render: 325801 points
02:54:39.171 D VBO render: 341138 points
02:54:48.272 D SURF band switch to 3
02:55:02.194 D SURF band switch to 4
02:55:16.574 D SURF band switch to 5
02:55:30.238 D SURF band switch to 6
02:55:44.366 D SURF band switch to 7
02:55:57.648 D SURF band switch to 8
02:56:11.386 D SURF band switch to 9
02:56:24.538 D SURF band switch to 10
02:56:37.916 D SURF band switch to 11
02:56:50.705 D SURF band switch to 12
02:57:08.921 D SURF band switch to 13
02:57:21.331 D SURF band switch to 14
02:57:34.206 D SURF band switch to 15
02:57:46.362 D SURF band switch to 16
02:57:58.983 D SURF band switch to 17
02:58:36.353 D SURF band switch to 18
02:58:49.688 D SURF band switch to 19
02:59:01.250 D SURF band switch to 20
02:59:13.200 D SURF band switch to 21
03:00:06.565 D VBO Points ID: 2
03:00:06.565 D VBO Colors ID: 3
03:00:06.573 D VBO registered to CUDA successfully!
03:00:10.462 D CSV source ready for 250Hz real-time streaming
03:00:10.462 D Scan started
03:00:10.463 D Data acquisition started at 250Hz
03:00:11.237 D initPointCloud: vboActor added
03:00:11.239 D [VBOActor] RenderOpaqueGeometry called, valid= 0 vboInit= false ids= 0 0
03:00:11.240 D Drawing connected (scan already running)
03:00:11.300 D OpenGL 3.3 initialized for VBO Actor
03:00:11.300 D Shader and VAO initialized
03:00:11.300 D VBOActor first draw, points: 147
03:00:11.463 D SURF band switch to 0
03:00:15.946 D VBO render: 9849 points
03:00:20.015 D VBO render: 35476 points
03:00:23.728 D VBO render: 74431 points
03:00:27.395 D VBO render: 112504 points
03:00:31.185 D SURF band switch to 1
03:00:31.263 D VBO render: 146069 points
03:00:34.911 D VBO render: 183113 points
03:00:36.917 D VBO render: 203448 points
03:00:37.434 D VBO render: 208936 points
03:00:37.978 D VBO render: 214571 points
03:00:38.439 D VBO render: 219471 points
03:00:39.293 D VBO render: 228389 points
03:00:40.228 D VBO render: 238189 points
03:00:41.478 D VBO render: 251370 points
03:00:45.184 D VBO render: 288806 points
03:00:45.464 D SURF band switch to 2
03:00:49.071 D VBO render: 324086 points
03:00:52.774 D VBO render: 362943 points
03:00:57.749 D VBO render: 380681 points
03:01:02.768 D VBO render: 397586 points
03:01:06.501 D VBO render: 432964 points
03:01:07.110 D SURF band switch to 3
03:01:10.364 D VBO render: 467312 points
03:01:14.058 D VBO render: 506071 points
03:01:17.779 D VBO render: 545124 points
03:01:21.015 D SURF band switch to 4
03:01:21.583 D VBO render: 578296 points
03:01:25.247 D VBO render: 616516 points
03:01:28.947 D VBO render: 655373 points
03:01:32.642 D VBO render: 694083 points
03:01:35.398 D SURF band switch to 5
03:01:36.495 D VBO render: 726765 points
03:01:40.170 D VBO render: 765230 points
03:01:44.964 D VBO render: 785761 points
03:01:49.630 D VBO render: 808644 points
03:01:53.322 D VBO render: 847354 points
03:01:55.966 D SURF band switch to 6
03:01:59.404 D VBO render: 860534 points
03:02:04.724 D VBO render: 874744 points
03:02:10.018 D VBO render: 888954 points
03:02:14.055 D VBO render: 920755 points
03:02:17.718 D VBO render: 959171 points
03:02:21.476 D SURF band switch to 7
03:02:21.636 D VBO render: 993176 points
03:02:25.303 D VBO render: 1030906 points
03:02:29.038 D VBO render: 1070106 points
03:02:32.746 D VBO render: 1109012 points
03:02:34.880 D SURF band switch to 8
03:02:36.579 D VBO render: 1142331 points
03:02:40.275 D VBO render: 1181090 points
03:02:43.991 D VBO render: 1220045 points
03:02:47.715 D VBO render: 1258951 points
03:02:48.623 D SURF band switch to 9
03:02:51.646 D VBO render: 1292662 points
03:02:55.342 D VBO render: 1331421 points
03:02:56.902 D Drawing paused
03:02:56.902 D Scan paused
03:02:58.152 D Scan started
03:02:58.152 D Scan resumed at frame 35279
03:03:02.908 D SURF band switch to 10
03:03:03.544 D VBO render: 1397521 points
03:03:08.928 D VBO render: 1453871 points
03:03:12.629 D VBO render: 1492679 points
03:03:16.397 D SURF band switch to 11
03:03:16.552 D VBO render: 1526782 points
03:03:20.215 D VBO render: 1564561 points
03:03:23.921 D VBO render: 1603418 points
03:03:27.625 D VBO render: 1642275 points
03:03:29.178 D SURF band switch to 12
03:03:31.425 D VBO render: 1675202 points
03:03:35.132 D VBO render: 1714108 points
03:03:38.836 D VBO render: 1752965 points
03:03:42.288 D SURF band switch to 13
03:03:42.700 D VBO render: 1785892 points
03:03:46.375 D VBO render: 1824357 points
03:03:50.097 D VBO render: 1863361 points
03:03:53.788 D VBO render: 1902071 points
03:03:54.826 D SURF band switch to 14
03:03:57.669 D VBO render: 1935831 points
03:04:01.353 D VBO render: 1974492 points
03:04:05.052 D VBO render: 2013251 points
03:04:07.713 D SURF band switch to 15
03:04:08.968 D VBO render: 2046619 points
03:04:12.656 D VBO render: 2085280 points
03:04:16.335 D VBO render: 2123892 points
03:04:19.859 D SURF band switch to 16
03:04:20.361 D VBO render: 2159466 points
03:04:24.044 D VBO render: 2197784 points
03:04:27.748 D VBO render: 2236641 points
03:04:31.420 D VBO render: 2275106 points
03:04:32.480 D SURF band switch to 17
03:04:40.332 D VBO render: 2360905 points
03:04:41.306 D VBO render: 2371146 points
03:04:42.294 D VBO render: 2381485 points
03:04:42.607 D VBO render: 2384768 points
03:04:42.965 D VBO render: 2388443 points
03:04:44.033 D VBO render: 2397851 points
03:04:44.265 D SURF band switch to 18
03:04:44.552 D VBO render: 2399614 points
03:04:45.592 D VBO render: 2409218 points
03:04:56.530 D SURF band switch to 19
03:05:08.100 D SURF band switch to 20
03:05:20.081 D SURF band switch to 21
03:05:31.245 D SURF band switch to 22
03:05:42.760 D SURF band switch to 23
03:05:53.660 D SURF band switch to 24
03:06:04.746 D SURF band switch to 25
03:06:15.273 D SURF band switch to 26
03:06:25.963 D SURF band switch to 27
03:06:36.119 D SURF band switch to 28
03:06:46.542 D SURF band switch to 29
03:06:56.277 D SURF band switch to 30
03:07:03.568 D VBO render: 3768616 points
03:07:06.390 D SURF band switch to 31
03:07:07.505 D VBO render: 3802278 points
03:07:11.196 D VBO render: 3840988 points
03:07:14.883 D VBO render: 3879649 points
03:07:15.893 D SURF band switch to 32
03:07:18.736 D VBO render: 3913115 points
03:07:22.420 D VBO render: 3951727 points
03:07:25.622 D SURF band switch to 33
03:07:26.336 D VBO render: 3985194 points
03:07:30.025 D VBO render: 4023855 points
03:07:33.713 D VBO render: 4062516 points
03:07:34.744 D SURF band switch to 34
03:07:37.552 D VBO render: 4095934 points
03:07:41.252 D VBO render: 4134742 points
03:07:44.304 D SURF band switch to 35
03:07:45.172 D VBO render: 4168257 points
03:07:48.877 D VBO render: 4207114 points
03:07:52.553 D VBO render: 4245481 points
03:07:53.161 D SURF band switch to 36
03:07:56.444 D VBO render: 4279535 points
03:08:00.477 D VBO render: 4321822 points
03:08:02.461 D SURF band switch to 37
03:08:04.400 D VBO render: 4355386 points
03:08:08.105 D VBO render: 4394243 points
03:08:10.931 D SURF band switch to 38
03:08:11.888 D VBO render: 4427072 points
03:08:15.573 D VBO render: 4465635 points
03:08:17.588 D VBO render: 4486803 points
03:08:18.788 D VBO render: 4499347 points
03:08:19.733 D VBO render: 4504639 points
03:08:19.944 D SURF band switch to 39
03:08:20.856 D VBO render: 4513458 points
03:08:22.905 D VBO render: 4534724 points
03:08:24.001 D VBO render: 4546484 points
03:08:25.157 D VBO render: 4558587 points
03:08:26.411 D VBO render: 4571719 points
03:08:27.826 D VBO render: 4585292 points
03:08:28.158 D SURF band switch to 40
03:08:29.384 D VBO render: 4595483 points
03:08:31.077 D VBO render: 4613466 points
03:08:32.460 D VBO render: 4628068 points
03:08:34.480 D VBO render: 4649236 points
03:08:35.767 D VBO render: 4662417 points
03:08:36.949 D SURF band switch to 41
03:08:37.010 D VBO render: 4668688 points
03:08:38.112 D VBO render: 4679664 points
03:08:40.225 D VBO render: 4701616 points
03:08:43.709 D VBO render: 4738268 points
03:08:44.878 D SURF band switch to 42
03:08:46.603 D VBO render: 4761640 points
03:08:49.992 D VBO render: 4797165 points
03:08:53.266 D SURF band switch to 43
03:08:53.916 D VBO render: 4830680 points
03:08:57.615 D VBO render: 4869488 points
03:09:00.939 D SURF band switch to 44
03:09:01.504 D VBO render: 4903395 points
03:09:05.167 D VBO render: 4941615 points
03:09:09.049 D SURF band switch to 45
03:09:09.068 D VBO render: 4976110 points
03:09:12.773 D VBO render: 5013791 points
03:09:16.430 D SURF band switch to 46
03:09:16.615 D VBO render: 5049021 points
03:09:20.301 D VBO render: 5085820 points
03:09:24.176 D VBO render: 5120609 points
03:09:24.279 D SURF band switch to 47
03:09:27.856 D VBO render: 5157506 points
03:09:31.297 D SURF band switch to 48
03:09:31.704 D VBO render: 5191805 points
03:09:35.385 D VBO render: 5229486 points
03:09:38.871 D SURF band switch to 49
03:09:39.257 D VBO render: 5262511 points
03:09:42.944 D VBO render: 5301172 points
03:09:45.732 D SURF band switch to 50
03:09:46.800 D VBO render: 5334687 points
03:09:50.460 D VBO render: 5372956 points
03:09:52.934 D SURF band switch to 51
03:09:54.349 D VBO render: 5406178 points
03:09:58.029 D VBO render: 5444741 points
03:09:59.401 D SURF band switch to 52
03:10:01.848 D VBO render: 5477913 points
03:10:05.528 D VBO render: 5516231 points
03:10:06.336 D SURF band switch to 53
03:10:09.457 D VBO render: 5550089 points
03:10:12.641 D SURF band switch to 54
03:10:13.276 D VBO render: 5583310 points
03:10:16.928 D VBO render: 5621530 points
03:10:19.307 D SURF band switch to 55
03:10:20.864 D VBO render: 5655241 points
03:10:24.525 D VBO render: 5693510 points
03:10:25.243 D SURF band switch to 56
03:10:28.389 D VBO render: 5727172 points
03:10:31.642 D SURF band switch to 57
03:10:32.264 D VBO render: 5760197 points
03:10:35.953 D VBO render: 5798858 points
03:10:37.193 D SURF band switch to 58
03:10:39.809 D VBO render: 5832374 points
03:10:43.322 D SURF band switch to 59
03:10:43.709 D VBO render: 5865693 points
03:10:47.388 D VBO render: 5904256 points
03:10:48.715 D SURF band switch to 60
03:10:51.221 D VBO render: 5937526 points
03:10:54.469 D SURF band switch to 61
03:10:55.133 D VBO render: 5970894 points
03:10:58.820 D VBO render: 6009506 points
03:10:59.610 D SURF band switch to 62
03:11:02.664 D VBO render: 6042923 points
03:11:05.092 D SURF band switch to 63
03:11:06.579 D VBO render: 6076390 points
03:11:09.841 D SURF band switch to 64
03:11:10.433 D VBO render: 6110003 points
03:11:14.095 D VBO render: 6148223 points
03:11:15.063 D SURF band switch to 65
03:11:18.020 D VBO render: 6181787 points
03:11:19.549 D SURF band switch to 66
03:11:21.848 D VBO render: 6214959 points
03:11:24.528 D SURF band switch to 67
03:11:25.772 D VBO render: 6248181 points
03:11:28.755 D SURF band switch to 68
03:11:29.621 D VBO render: 6281598 points
03:11:33.322 D SURF band switch to 69
03:11:33.521 D VBO render: 6315261 points
03:11:37.271 D SURF band switch to 70
03:11:37.369 D VBO render: 6350442 points
03:11:41.040 D VBO render: 6385183 points
03:11:41.560 D SURF band switch to 71
03:11:44.912 D VBO render: 6418355 points
03:11:45.251 D SURF band switch to 72
03:11:48.808 D VBO render: 6451528 points
03:11:49.279 D SURF band switch to 73
03:11:52.684 D SURF band switch to 74
03:11:52.833 D VBO render: 6483033 points
03:11:56.448 D SURF band switch to 75
03:11:56.681 D VBO render: 6514147 points
03:11:59.473 D SURF band switch to 76
03:12:00.512 D VBO render: 6547074 points
03:12:02.949 D SURF band switch to 77
03:12:04.408 D VBO render: 6580296 points
03:12:05.703 D SURF band switch to 78
03:12:08.248 D VBO render: 6612831 points
03:12:08.902 D SURF band switch to 79
03:12:11.395 D SURF band switch to 80
03:12:12.333 D VBO render: 6641985 points
03:12:14.310 D SURF band switch to 81
03:12:16.233 D VBO render: 6673883 points
03:12:16.509 D SURF band switch to 82
03:12:19.164 D SURF band switch to 83
03:12:20.296 D VBO render: 6703379 points
03:12:21.116 D Noise suppressed: 292331
03:12:21.116 D Online grid flushed, cells: 15189
03:12:21.117 D Playback finished
03:12:27.829 D VBO render: 6707837 points
03:12:30.381 D VBO render: 6707837 points
03:12:32.520 D VBO render: 6707837 points
03:12:34.524 D VBO render: 6707837 points
03:12:35.976 D VBO render: 6707837 points
03:12:38.033 D VBO render: 6707837 points
03:12:39.126 D VBO render: 6707837 points
03:12:40.677 D VBO render: 6707837 points
03:12:42.331 D VBO render: 6707837 points
03:12:43.984 D VBO render: 6707837 points
03:12:46.286 D VBO render: 6707837 points
03:12:48.385 D VBO render: 6707837 points
03:12:50.805 D VBO render: 6707837 points
03:12:57.625 D VBO render: 6707837 points
03:13:00.026 D VBO render: 6707837 points
03:13:02.207 D VBO render: 6707837 points
03:13:03.229 D VBO render: 6707837 points
03:13:05.400 D VBO render: 6707837 points
03:13:06.395 D VBO render: 6707837 points
03:13:07.405 D VBO render: 6707837 points
03:13:09.564 D VBO render: 6707837 points
03:13:11.076 D VBO render: 6707837 points
03:13:14.792 D VBO render: 6707837 points
03:13:17.511 D VBO render: 6707837 points
03:13:19.511 D VBO render: 6707837 points
03:13:21.202 D VBO render: 6707837 points
03:13:22.455 D VBO render: 6707837 points
03:13:24.617 D VBO render: 6707837 points
03:13:26.093 D VBO render: 6707837 points
03:13:27.487 D VBO render: 6707837 points
03:13:28.850 D VBO render: 6707837 points
03:13:34.301 D VBO render: 6707837 points
03:13:35.445 D VBO render: 6707837 points
03:13:36.431 D VBO render: 6707837 points
03:13:37.553 D VBO render: 6707837 points
03:13:39.031 D VBO render: 6707837 points
03:13:41.379 D VBO render: 6707837 points
03:13:42.128 D VBO render: 6707837 points
03:13:45.333 D VBO render: 6707837 points
03:14:01.447 D VBO render: 6707837 points
03:14:01.747 D VBO render: 6707837 points
03:14:12.565 D VBO render: 6707837 points
03:14:14.613 D VBO render: 6707837 points
03:14:16.922 D VBO render: 6707837 points
03:14:19.263 D VBO render: 6707837 points
03:14:22.144 D VBO render: 6707837 points
03:14:22.436 D VBO render: 6707837 points
03:14:23.254 D VBO render: 6707837 points
03:14:24.400 D VBO render: 6707837 points
03:14:25.412 D VBO render: 6707837 points
03:14:27.912 D VBO render: 6707837 points
03:14:28.575 D VBO render: 6707837 points
03:14:44.251 D VBO render: 6707837 points
07:32:05.063 D VBO Points ID: 2
07:32:05.064 D VBO Colors ID: 3
07:32:05.072 D VBO registered to CUDA successfully!
